// Jest Snapshot v1, https://goo.gl/fbAQLP

exports[`<Portfolio /> component should render 1`] = `
<div
  className="app-bg"
>
  <section
    className="welcome"
  >
    <header>
      <h1>
        COINHOVER
      </h1>
      <h2>
        A cryptocurrency asset balance calculator
      </h2>
      <p>
        Currently in development...
      </p>
    </header>
    <SocialMediaFooter />
  </section>
</div>
`;
