// Jest Snapshot v1, https://goo.gl/fbAQLP

exports[`<Portfolio /> component should render 1`] = `
<div
  className="app-bg"
>
  <section
    className="portfolio"
  >
    <header>
      <h1>
        <span
          className="plus"
        >
          +
        </span>
        COINHOVER
      </h1>
      <h2>
        Watch your cryptocurrency asset balances in once place.
      </h2>
      <em
        className="num"
      >
        $5000
      </em>
    </header>
    <div
      className="animate-spin"
    >
      <div
        className="icon-spin6"
      >
        Loading
      </div>
    </div>
    <SocialMediaFooter />
  </section>
</div>
`;
